// Jest Snapshot v1, https://goo.gl/fbAQLP

exports[`dia 16 should match the consume API challenge 1`] = `
<body
  class="main-container no-toggle"
  id="particles-js"
>
  
  
  <header />
  
  
  <article
    class="card-quiz"
  >
    
    
    <div
      class="header"
    >
      
      
      <h1
        tabindex="0"
      >
        Sports
      </h1>
      
      
      <span
        class="score"
        tabindex="0"
      >
        0
      </span>
      
    
    </div>
    
    
    <form
      action="#"
    >
      
      
      <h2
        class="quiz-question"
        tabindex="0"
      />
      
      
      <ul
        class="quiz-answers"
        role="list"
      >
        
      
      </ul>
      
    
    </form>
    
    
    <div
      class="footer"
    >
      
      
      <button
        class="verify"
        role="button"
        tabindex="0"
        type="button"
      >
        VERIFICAR
      </button>
      
    
    </div>
    
    
    <div
      class="quiz-end"
    />
    
    
    <div
      class="spinner"
    />
    
  
  </article>
  

  
  <script
    src="https://cdn.jsdelivr.net/npm/particles.js@2.0.0/particles.min.js"
  />
  
  
  <script
    src="../assets/js/theme.js"
  />
  
  
  <script
    src="../assets/js/particles.js"
  />
  
  
  <script
    src="../assets/js/include-html.js"
  />
  
  
  <script
    src="./load-questions.js"
  />
  
  
  <script
    src="../assets/js/quiz.js"
  />
  
  
  <script
    src="./scripts.js"
  />
  



</body>
`;
